// Jest Snapshot v1, https://goo.gl/fbAQLP

exports[`PaginadorProductos Test should match snapshot 1`] = `
<div>
  <nav>
    <button>
      1
    </button>
    <button>
      2
    </button>
  </nav>
</div>
`;
